
synpwrap -msg -prj "yeay_impl1_synplify.tcl" -log "yeay_impl1.srf"
Copyright (C) 1992-2024 Lattice Semiconductor Corporation. All rights reserved.
Lattice Diamond Version 3.14.0.75.2
    <postMsg mid="2011000" type="Info"    dynamic="0" navigation="0"  />
/usr/local/diamond/3.14/synpbase/linux_a_64/mbin/synbatch: /usr/local/diamond/3.14/synpbase/linux_a_64/lib/libxml2.so.2: no version information available (required by /usr/local/diamond/3.14/synpbase/linux_a_64/lib/libQt5WebKit.so.5)
/usr/local/diamond/3.14/synpbase/linux_a_64/mbin/synbatch: /usr/local/diamond/3.14/synpbase/linux_a_64/lib/libxml2.so.2: no version information available (required by /usr/local/diamond/3.14/synpbase/linux_a_64/lib/libQt5WebKit.so.5)
/usr/local/diamond/3.14/synpbase/linux_a_64/mbin/synbatch: /usr/local/diamond/3.14/synpbase/linux_a_64/lib/libxml2.so.2: no version information available (required by /usr/local/diamond/3.14/synpbase/linux_a_64/lib/libQt5WebKit.so.5)
###########################################################[
Running in Lattice mode

                               Synplify Pro (R) 

                Version V-2023.09L-2 for linux64 - Sep 17, 2024 

                    Copyright (c) 1988 - 2024 Synopsys, Inc.
   This software and the associated documentation are proprietary to Synopsys,
 Inc. This software may only be used in accordance with the terms and conditions
 of a written license agreement with Synopsys, Inc. All other use, reproduction,
   or distribution of this software is strictly prohibited.  Licensed Products
     communicate with Synopsys servers for the purpose of providing software
    updates, detecting software piracy and verifying that customers are using
    Licensed Products in conformity with the applicable License Key for such
  Licensed Products. Synopsys will use information gathered in connection with
    this process to deliver software updates and pursue software pirates and
                                   infringers.

 Inclusivity & Diversity - Visit SolvNetPlus to read the "Synopsys Statement on
            Inclusivity and Diversity" (Refer to article 000036315 at
                        https://solvnetplus.synopsys.com)

Starting:    /usr/local/diamond/3.14/synpbase/linux_a_64/mbin/synbatch
Install:     /usr/local/diamond/3.14/synpbase
Hostname:    archlinux
Date:        Tue Sep 15 02:48:09 2026
Version:     V-2023.09L-2

Arguments:   -product synplify_base -batch yeay_impl1_synplify.tcl
ProductType: synplify_pro





log file: "/mnt/microsdko/school/4thyr/thesis/actual/hardware/diamond/UserGuide1/impl1/yeay_impl1.srr"
Running: impl1 in foreground

Running proj_1|impl1

Running Flow: compile (Compile) on proj_1|impl1
# Tue Sep 15 02:48:10 2026

Running Flow: compile_flow (Compile Process) on proj_1|impl1
# Tue Sep 15 02:48:10 2026

Running: compiler (Compile Input) on proj_1|impl1
# Tue Sep 15 02:48:10 2026
Process ID: 117396
compiler exited with errors
Job failed on: proj_1|impl1

Job: "compiler" terminated with error status: 2
See log file: "/mnt/microsdko/school/4thyr/thesis/actual/hardware/diamond/UserGuide1/impl1/synlog/yeay_impl1_compiler.srr"
# Tue Sep 15 02:48:10 2026

Return Code: 2
Run Time:00h:00m:00s
Complete: Compile Process on proj_1|impl1
Complete: Compile on proj_1|impl1
Complete: Logic Synthesis on proj_1|impl1
Copied /mnt/microsdko/school/4thyr/thesis/actual/hardware/diamond/UserGuide1/impl1/yeay_impl1.srr to /mnt/microsdko/school/4thyr/thesis/actual/hardware/diamond/UserGuide1/impl1/yeay_impl1.srf
Error: At line 62 while processing "yeay_impl1_synplify.tcl"
2
TCL script complete: "yeay_impl1_synplify.tcl"
TCL script had errors: "yeay_impl1_synplify.tcl"
exit status=9
exit status=9
Save changes for project:
/mnt/microsdko/school/4thyr/thesis/actual/hardware/diamond/UserGuide1/impl1/proj_1.prj
batch mode default:no
Child process exit with 9.

==contents of yeay_impl1.srf
#Build: Synplify Pro (R) V-2023.09L-2, Build 349R, Sep 17 2024
#install: /usr/local/diamond/3.14/synpbase
#OS: Linux 
#Hostname: archlinux

# Tue Sep 15 02:48:10 2026

#Implementation: impl1


Copyright (C) 1994-2023 Synopsys, Inc.
This Synopsys software and all associated documentation are proprietary to Synopsys, Inc.
and may only be used pursuant to the terms and conditions of a written license agreement
with Synopsys, Inc. All other use, reproduction, modification, or distribution of the
Synopsys software or the associated documentation is strictly prohibited.
Tool: Synplify Pro (R)
Build: V-2023.09L-2
Install: /usr/local/diamond/3.14/synpbase
OS: Arch Linux
Hostname: archlinux
max virtual memory: unlimited (bytes)
max user processes: 127651
max stack size: 8388608 (bytes)


Implementation : impl1
Synopsys HDL Compiler, Version comp202309synp1, Build 349R, Built Sep 17 2024 08:30:48, @5637152

@N|Running in 64-bit mode
###########################################################[

Copyright (C) 1994-2023 Synopsys, Inc.
This Synopsys software and all associated documentation are proprietary to Synopsys, Inc.
and may only be used pursuant to the terms and conditions of a written license agreement
with Synopsys, Inc. All other use, reproduction, modification, or distribution of the
Synopsys software or the associated documentation is strictly prohibited.
Tool: Synplify Pro (R)
Build: V-2023.09L-2
Install: /usr/local/diamond/3.14/synpbase
OS: Arch Linux
Hostname: archlinux
max virtual memory: unlimited (bytes)
max user processes: 127651
max stack size: 8388608 (bytes)


Implementation : impl1
Synopsys Verilog Compiler, Version comp202309synp1, Build 349R, Built Sep 17 2024 08:30:48, @5637152

@N|Running in 64-bit mode
@I::"/usr/local/diamond/3.14/synpbase/lib/lucent/ecp5u.v" (library work)
@I::"/usr/local/diamond/3.14/synpbase/lib/lucent/pmi_def.v" (library work)
@I::"/usr/local/diamond/3.14/synpbase/lib/vlog/hypermods.v" (library __hyper__lib__)
@I::"/mnt/microsdko/school/4thyr/thesis/actual/hardware/diamond/UserGuide1/count1.v" (library work)
@N|stack limit increased to max
Verilog syntax check successful!
@E: CG396 :"/usr/local/diamond/3.14/synpbase/lib/lucent/ecp5u.v":0:0:0:0|All unreferenced modules are black boxes - cannot set top-level module

Process took 0h:00m:01s realtime, 0h:00m:01s cputime
# Tue Sep 15 02:48:10 2026

###########################################################]
@END
Process took 0h:00m:01s realtime, 0h:00m:01s cputime
# Tue Sep 15 02:48:10 2026

###########################################################]


Synthesis exit by 9.
